// Jest Snapshot v1, https://goo.gl/fbAQLP

exports[`Home matches snapshot where form factor is desktop 1`] = `
<div
  className="ms-Spinner root-111"
>
  <div
    className="ms-Spinner-circle ms-Spinner--medium circle-112"
  />
</div>
`;

exports[`Home matches snapshot where form factor is mobile 1`] = `
<div
  className="ms-Spinner root-111"
>
  <div
    className="ms-Spinner-circle ms-Spinner--medium circle-112"
  />
</div>
`;
